[2025-03-17T15:41:46.448+0700][gc,heap] Heap region size: 1M
[2025-03-17T15:41:46.456+0700][gc     ] Using G1
[2025-03-17T15:41:46.456+0700][gc,heap,coops] Heap address: 0x00000000c0000000, size: 1024 MB, Compressed Oops mode: 32-bit
[2025-03-17T15:41:46.456+0700][gc,cds       ] Mark closed archive regions in map: [0x00000000fff00000, 0x00000000fff6bff8]
[2025-03-17T15:41:46.456+0700][gc,cds       ] Mark open archive regions in map: [0x00000000ffe00000, 0x00000000ffe47ff8]
[2025-03-17T15:41:47.163+0700][gc,start     ] GC(0) Pause Young (Normal) (G1 Evacuation Pause)
[2025-03-17T15:41:47.164+0700][gc,task      ] GC(0) Using 8 workers of 8 for evacuation
[2025-03-17T15:41:47.176+0700][gc,phases    ] GC(0)   Pre Evacuate Collection Set: 0.0ms
[2025-03-17T15:41:47.176+0700][gc,phases    ] GC(0)   Evacuate Collection Set: 10.6ms
[2025-03-17T15:41:47.176+0700][gc,phases    ] GC(0)   Post Evacuate Collection Set: 0.8ms
[2025-03-17T15:41:47.176+0700][gc,phases    ] GC(0)   Other: 1.5ms
[2025-03-17T15:41:47.176+0700][gc,heap      ] GC(0) Eden regions: 51->0(44)
[2025-03-17T15:41:47.176+0700][gc,heap      ] GC(0) Survivor regions: 0->7(7)
[2025-03-17T15:41:47.176+0700][gc,heap      ] GC(0) Old regions: 2->3
[2025-03-17T15:41:47.176+0700][gc,heap      ] GC(0) Humongous regions: 0->0
[2025-03-17T15:41:47.176+0700][gc,metaspace ] GC(0) Metaspace: 13075K(13952K)->13075K(13952K) NonClass: 11420K(12032K)->11420K(12032K) Class: 1655K(1920K)->1655K(1920K)
[2025-03-17T15:41:47.176+0700][gc           ] GC(0) Pause Young (Normal) (G1 Evacuation Pause) 51M->8M(1024M) 12.993ms
[2025-03-17T15:41:47.176+0700][gc,cpu       ] GC(0) User=0.00s Sys=0.08s Real=0.01s
[2025-03-17T15:41:47.647+0700][gc,start     ] GC(1) Pause Young (Concurrent Start) (Metadata GC Threshold)
[2025-03-17T15:41:47.647+0700][gc,task      ] GC(1) Using 8 workers of 8 for evacuation
[2025-03-17T15:41:47.655+0700][gc,phases    ] GC(1)   Pre Evacuate Collection Set: 0.1ms
[2025-03-17T15:41:47.655+0700][gc,phases    ] GC(1)   Evacuate Collection Set: 6.6ms
[2025-03-17T15:41:47.655+0700][gc,phases    ] GC(1)   Post Evacuate Collection Set: 0.9ms
[2025-03-17T15:41:47.655+0700][gc,phases    ] GC(1)   Other: 0.3ms
[2025-03-17T15:41:47.655+0700][gc,heap      ] GC(1) Eden regions: 37->0(49)
[2025-03-17T15:41:47.655+0700][gc,heap      ] GC(1) Survivor regions: 7->2(7)
[2025-03-17T15:41:47.655+0700][gc,heap      ] GC(1) Old regions: 3->10
[2025-03-17T15:41:47.655+0700][gc,heap      ] GC(1) Humongous regions: 0->0
[2025-03-17T15:41:47.655+0700][gc,metaspace ] GC(1) Metaspace: 20630K(21248K)->20630K(21248K) NonClass: 18086K(18432K)->18086K(18432K) Class: 2544K(2816K)->2544K(2816K)
[2025-03-17T15:41:47.655+0700][gc           ] GC(1) Pause Young (Concurrent Start) (Metadata GC Threshold) 44M->9M(1024M) 7.977ms
[2025-03-17T15:41:47.655+0700][gc,cpu       ] GC(1) User=0.03s Sys=0.00s Real=0.00s
[2025-03-17T15:41:47.655+0700][gc           ] GC(2) Concurrent Cycle
[2025-03-17T15:41:47.655+0700][gc,marking   ] GC(2) Concurrent Clear Claimed Marks
[2025-03-17T15:41:47.656+0700][gc,marking   ] GC(2) Concurrent Clear Claimed Marks 0.047ms
[2025-03-17T15:41:47.656+0700][gc,marking   ] GC(2) Concurrent Scan Root Regions
[2025-03-17T15:41:47.657+0700][gc,marking   ] GC(2) Concurrent Scan Root Regions 1.422ms
[2025-03-17T15:41:47.657+0700][gc,marking   ] GC(2) Concurrent Mark (1.211s)
[2025-03-17T15:41:47.657+0700][gc,marking   ] GC(2) Concurrent Mark From Roots
[2025-03-17T15:41:47.657+0700][gc,task      ] GC(2) Using 2 workers of 2 for marking
[2025-03-17T15:41:47.664+0700][gc,marking   ] GC(2) Concurrent Mark From Roots 6.565ms
[2025-03-17T15:41:47.664+0700][gc,marking   ] GC(2) Concurrent Preclean
[2025-03-17T15:41:47.664+0700][gc,marking   ] GC(2) Concurrent Preclean 0.128ms
[2025-03-17T15:41:47.664+0700][gc,marking   ] GC(2) Concurrent Mark (1.211s, 1.218s) 6.777ms
[2025-03-17T15:41:47.664+0700][gc,start     ] GC(2) Pause Remark
[2025-03-17T15:41:47.666+0700][gc,stringtable] GC(2) Cleaned string and symbol table, strings: 5881 processed, 0 removed, symbols: 54831 processed, 49 removed
[2025-03-17T15:41:47.667+0700][gc            ] GC(2) Pause Remark 11M->11M(1024M) 2.611ms
[2025-03-17T15:41:47.667+0700][gc,cpu        ] GC(2) User=0.01s Sys=0.00s Real=0.01s
[2025-03-17T15:41:47.667+0700][gc,marking    ] GC(2) Concurrent Rebuild Remembered Sets
[2025-03-17T15:41:47.670+0700][gc,marking    ] GC(2) Concurrent Rebuild Remembered Sets 2.863ms
[2025-03-17T15:41:47.670+0700][gc,start      ] GC(2) Pause Cleanup
[2025-03-17T15:41:47.671+0700][gc            ] GC(2) Pause Cleanup 11M->11M(1024M) 0.345ms
[2025-03-17T15:41:47.671+0700][gc,cpu        ] GC(2) User=0.00s Sys=0.00s Real=0.00s
[2025-03-17T15:41:47.671+0700][gc,marking    ] GC(2) Concurrent Cleanup for Next Mark
[2025-03-17T15:41:47.679+0700][gc,marking    ] GC(2) Concurrent Cleanup for Next Mark 7.926ms
[2025-03-17T15:41:47.679+0700][gc            ] GC(2) Concurrent Cycle 23.294ms
[2025-03-17T15:41:48.141+0700][gc,start      ] GC(3) Pause Young (Normal) (G1 Evacuation Pause)
[2025-03-17T15:41:48.141+0700][gc,task       ] GC(3) Using 8 workers of 8 for evacuation
[2025-03-17T15:41:48.145+0700][gc,phases     ] GC(3)   Pre Evacuate Collection Set: 0.1ms
[2025-03-17T15:41:48.145+0700][gc,phases     ] GC(3)   Evacuate Collection Set: 2.6ms
[2025-03-17T15:41:48.145+0700][gc,phases     ] GC(3)   Post Evacuate Collection Set: 0.9ms
[2025-03-17T15:41:48.145+0700][gc,phases     ] GC(3)   Other: 0.2ms
[2025-03-17T15:41:48.145+0700][gc,heap       ] GC(3) Eden regions: 49->0(47)
[2025-03-17T15:41:48.145+0700][gc,heap       ] GC(3) Survivor regions: 2->4(7)
[2025-03-17T15:41:48.145+0700][gc,heap       ] GC(3) Old regions: 10->10
[2025-03-17T15:41:48.145+0700][gc,heap       ] GC(3) Humongous regions: 129->129
[2025-03-17T15:41:48.145+0700][gc,metaspace  ] GC(3) Metaspace: 29232K(30464K)->29232K(30464K) NonClass: 25888K(26624K)->25888K(26624K) Class: 3344K(3840K)->3344K(3840K)
[2025-03-17T15:41:48.145+0700][gc            ] GC(3) Pause Young (Normal) (G1 Evacuation Pause) 187M->141M(1024M) 3.857ms
[2025-03-17T15:41:48.145+0700][gc,cpu        ] GC(3) User=0.01s Sys=0.00s Real=0.00s
[2025-03-17T15:41:48.531+0700][gc,start      ] GC(4) Pause Young (Concurrent Start) (Metadata GC Threshold)
[2025-03-17T15:41:48.531+0700][gc,task       ] GC(4) Using 8 workers of 8 for evacuation
[2025-03-17T15:41:48.536+0700][gc,phases     ] GC(4)   Pre Evacuate Collection Set: 0.1ms
[2025-03-17T15:41:48.536+0700][gc,phases     ] GC(4)   Evacuate Collection Set: 3.6ms
[2025-03-17T15:41:48.536+0700][gc,phases     ] GC(4)   Post Evacuate Collection Set: 1.3ms
[2025-03-17T15:41:48.536+0700][gc,phases     ] GC(4)   Other: 0.3ms
[2025-03-17T15:41:48.536+0700][gc,heap       ] GC(4) Eden regions: 35->0(44)
[2025-03-17T15:41:48.536+0700][gc,heap       ] GC(4) Survivor regions: 4->7(7)
[2025-03-17T15:41:48.536+0700][gc,heap       ] GC(4) Old regions: 10->10
[2025-03-17T15:41:48.536+0700][gc,heap       ] GC(4) Humongous regions: 129->129
[2025-03-17T15:41:48.536+0700][gc,metaspace  ] GC(4) Metaspace: 34498K(35840K)->34498K(35840K) NonClass: 30566K(31360K)->30566K(31360K) Class: 3931K(4480K)->3931K(4480K)
[2025-03-17T15:41:48.536+0700][gc            ] GC(4) Pause Young (Concurrent Start) (Metadata GC Threshold) 175M->144M(1024M) 5.412ms
[2025-03-17T15:41:48.536+0700][gc,cpu        ] GC(4) User=0.02s Sys=0.00s Real=0.00s
[2025-03-17T15:41:48.536+0700][gc            ] GC(5) Concurrent Cycle
[2025-03-17T15:41:48.536+0700][gc,marking    ] GC(5) Concurrent Clear Claimed Marks
[2025-03-17T15:41:48.536+0700][gc,marking    ] GC(5) Concurrent Clear Claimed Marks 0.101ms
[2025-03-17T15:41:48.536+0700][gc,marking    ] GC(5) Concurrent Scan Root Regions
[2025-03-17T15:41:48.540+0700][gc,marking    ] GC(5) Concurrent Scan Root Regions 3.278ms
[2025-03-17T15:41:48.540+0700][gc,marking    ] GC(5) Concurrent Mark (2.094s)
[2025-03-17T15:41:48.540+0700][gc,marking    ] GC(5) Concurrent Mark From Roots
[2025-03-17T15:41:48.540+0700][gc,task       ] GC(5) Using 2 workers of 2 for marking
[2025-03-17T15:41:48.546+0700][gc,marking    ] GC(5) Concurrent Mark From Roots 6.276ms
[2025-03-17T15:41:48.546+0700][gc,marking    ] GC(5) Concurrent Preclean
[2025-03-17T15:41:48.546+0700][gc,marking    ] GC(5) Concurrent Preclean 0.138ms
[2025-03-17T15:41:48.546+0700][gc,marking    ] GC(5) Concurrent Mark (2.094s, 2.101s) 6.510ms
[2025-03-17T15:41:48.547+0700][gc,start      ] GC(5) Pause Remark
[2025-03-17T15:41:48.549+0700][gc,stringtable] GC(5) Cleaned string and symbol table, strings: 11726 processed, 10 removed, symbols: 87622 processed, 14 removed
[2025-03-17T15:41:48.549+0700][gc            ] GC(5) Pause Remark 145M->145M(1024M) 2.078ms
[2025-03-17T15:41:48.549+0700][gc,cpu        ] GC(5) User=0.01s Sys=0.00s Real=0.00s
[2025-03-17T15:41:48.549+0700][gc,marking    ] GC(5) Concurrent Rebuild Remembered Sets
[2025-03-17T15:41:48.552+0700][gc,marking    ] GC(5) Concurrent Rebuild Remembered Sets 2.316ms
[2025-03-17T15:41:48.552+0700][gc,start      ] GC(5) Pause Cleanup
[2025-03-17T15:41:48.553+0700][gc            ] GC(5) Pause Cleanup 146M->146M(1024M) 0.577ms
[2025-03-17T15:41:48.553+0700][gc,cpu        ] GC(5) User=0.00s Sys=0.00s Real=0.00s
[2025-03-17T15:41:48.553+0700][gc,marking    ] GC(5) Concurrent Cleanup for Next Mark
[2025-03-17T15:41:48.562+0700][gc,marking    ] GC(5) Concurrent Cleanup for Next Mark 8.976ms
[2025-03-17T15:41:48.562+0700][gc            ] GC(5) Concurrent Cycle 25.983ms
[2025-03-17T15:47:51.594+0700][gc,start      ] GC(6) Pause Young (Normal) (G1 Evacuation Pause)
[2025-03-17T15:47:51.594+0700][gc,task       ] GC(6) Using 8 workers of 8 for evacuation
[2025-03-17T15:47:51.604+0700][gc,phases     ] GC(6)   Pre Evacuate Collection Set: 0.2ms
[2025-03-17T15:47:51.604+0700][gc,phases     ] GC(6)   Evacuate Collection Set: 8.6ms
[2025-03-17T15:47:51.604+0700][gc,phases     ] GC(6)   Post Evacuate Collection Set: 1.3ms
[2025-03-17T15:47:51.604+0700][gc,phases     ] GC(6)   Other: 0.3ms
[2025-03-17T15:47:51.604+0700][gc,heap       ] GC(6) Eden regions: 44->0(45)
[2025-03-17T15:47:51.604+0700][gc,heap       ] GC(6) Survivor regions: 7->6(7)
[2025-03-17T15:47:51.604+0700][gc,heap       ] GC(6) Old regions: 10->13
[2025-03-17T15:47:51.604+0700][gc,heap       ] GC(6) Humongous regions: 129->129
[2025-03-17T15:47:51.604+0700][gc,metaspace  ] GC(6) Metaspace: 41853K(44416K)->41853K(44416K) NonClass: 36523K(37888K)->36523K(37888K) Class: 5329K(6528K)->5329K(6528K)
[2025-03-17T15:47:51.604+0700][gc            ] GC(6) Pause Young (Normal) (G1 Evacuation Pause) 188M->146M(1024M) 10.590ms
[2025-03-17T15:47:51.604+0700][gc,cpu        ] GC(6) User=0.07s Sys=0.00s Real=0.01s
[2025-03-17T15:58:00.183+0700][gc,start      ] GC(7) Pause Young (Normal) (G1 Evacuation Pause)
[2025-03-17T15:58:00.183+0700][gc,task       ] GC(7) Using 8 workers of 8 for evacuation
[2025-03-17T15:58:00.190+0700][gc,phases     ] GC(7)   Pre Evacuate Collection Set: 0.2ms
[2025-03-17T15:58:00.190+0700][gc,phases     ] GC(7)   Evacuate Collection Set: 5.8ms
[2025-03-17T15:58:00.190+0700][gc,phases     ] GC(7)   Post Evacuate Collection Set: 1.2ms
[2025-03-17T15:58:00.190+0700][gc,phases     ] GC(7)   Other: 0.2ms
[2025-03-17T15:58:00.190+0700][gc,heap       ] GC(7) Eden regions: 45->0(47)
[2025-03-17T15:58:00.190+0700][gc,heap       ] GC(7) Survivor regions: 6->4(7)
[2025-03-17T15:58:00.190+0700][gc,heap       ] GC(7) Old regions: 13->17
[2025-03-17T15:58:00.190+0700][gc,heap       ] GC(7) Humongous regions: 129->129
[2025-03-17T15:58:00.190+0700][gc,metaspace  ] GC(7) Metaspace: 44105K(46848K)->44105K(46848K) NonClass: 38508K(39936K)->38508K(39936K) Class: 5596K(6912K)->5596K(6912K)
[2025-03-17T15:58:00.190+0700][gc            ] GC(7) Pause Young (Normal) (G1 Evacuation Pause) 191M->147M(1024M) 7.590ms
[2025-03-17T15:58:00.190+0700][gc,cpu        ] GC(7) User=0.04s Sys=0.00s Real=0.01s
[2025-03-17T15:58:24.677+0700][gc,start      ] GC(8) Pause Young (Normal) (G1 Evacuation Pause)
[2025-03-17T15:58:24.677+0700][gc,task       ] GC(8) Using 8 workers of 8 for evacuation
[2025-03-17T15:58:24.681+0700][gc,phases     ] GC(8)   Pre Evacuate Collection Set: 0.0ms
[2025-03-17T15:58:24.681+0700][gc,phases     ] GC(8)   Evacuate Collection Set: 2.1ms
[2025-03-17T15:58:24.681+0700][gc,phases     ] GC(8)   Post Evacuate Collection Set: 1.2ms
[2025-03-17T15:58:24.681+0700][gc,phases     ] GC(8)   Other: 0.2ms
[2025-03-17T15:58:24.681+0700][gc,heap       ] GC(8) Eden regions: 47->0(47)
[2025-03-17T15:58:24.681+0700][gc,heap       ] GC(8) Survivor regions: 4->4(7)
[2025-03-17T15:58:24.681+0700][gc,heap       ] GC(8) Old regions: 17->17
[2025-03-17T15:58:24.681+0700][gc,heap       ] GC(8) Humongous regions: 129->129
[2025-03-17T15:58:24.681+0700][gc,metaspace  ] GC(8) Metaspace: 44106K(46848K)->44106K(46848K) NonClass: 38509K(39936K)->38509K(39936K) Class: 5597K(6912K)->5597K(6912K)
[2025-03-17T15:58:24.681+0700][gc            ] GC(8) Pause Young (Normal) (G1 Evacuation Pause) 194M->147M(1024M) 3.575ms
[2025-03-17T15:58:24.681+0700][gc,cpu        ] GC(8) User=0.02s Sys=0.00s Real=0.00s
[2025-03-17T15:58:53.304+0700][gc,start      ] GC(9) Pause Young (Normal) (G1 Evacuation Pause)
[2025-03-17T15:58:53.304+0700][gc,task       ] GC(9) Using 8 workers of 8 for evacuation
[2025-03-17T15:58:53.324+0700][gc,phases     ] GC(9)   Pre Evacuate Collection Set: 0.1ms
[2025-03-17T15:58:53.324+0700][gc,phases     ] GC(9)   Evacuate Collection Set: 9.9ms
[2025-03-17T15:58:53.324+0700][gc,phases     ] GC(9)   Post Evacuate Collection Set: 9.6ms
[2025-03-17T15:58:53.324+0700][gc,phases     ] GC(9)   Other: 0.4ms
[2025-03-17T15:58:53.324+0700][gc,heap       ] GC(9) Eden regions: 47->0(47)
[2025-03-17T15:58:53.324+0700][gc,heap       ] GC(9) Survivor regions: 4->4(7)
[2025-03-17T15:58:53.324+0700][gc,heap       ] GC(9) Old regions: 17->17
[2025-03-17T15:58:53.324+0700][gc,heap       ] GC(9) Humongous regions: 129->129
[2025-03-17T15:58:53.324+0700][gc,metaspace  ] GC(9) Metaspace: 44108K(46848K)->44108K(46848K) NonClass: 38510K(39936K)->38510K(39936K) Class: 5597K(6912K)->5597K(6912K)
[2025-03-17T15:58:53.324+0700][gc            ] GC(9) Pause Young (Normal) (G1 Evacuation Pause) 194M->147M(1024M) 20.105ms
[2025-03-17T15:58:53.324+0700][gc,cpu        ] GC(9) User=0.11s Sys=0.01s Real=0.02s
[2025-03-17T15:59:20.958+0700][gc,start      ] GC(10) Pause Young (Normal) (G1 Evacuation Pause)
[2025-03-17T15:59:20.959+0700][gc,task       ] GC(10) Using 8 workers of 8 for evacuation
[2025-03-17T15:59:20.964+0700][gc,phases     ] GC(10)   Pre Evacuate Collection Set: 0.1ms
[2025-03-17T15:59:20.964+0700][gc,phases     ] GC(10)   Evacuate Collection Set: 3.2ms
[2025-03-17T15:59:20.964+0700][gc,phases     ] GC(10)   Post Evacuate Collection Set: 1.6ms
[2025-03-17T15:59:20.964+0700][gc,phases     ] GC(10)   Other: 0.3ms
[2025-03-17T15:59:20.964+0700][gc,heap       ] GC(10) Eden regions: 47->0(56)
[2025-03-17T15:59:20.964+0700][gc,heap       ] GC(10) Survivor regions: 4->4(7)
[2025-03-17T15:59:20.964+0700][gc,heap       ] GC(10) Old regions: 17->17
[2025-03-17T15:59:20.964+0700][gc,heap       ] GC(10) Humongous regions: 129->129
[2025-03-17T15:59:20.964+0700][gc,metaspace  ] GC(10) Metaspace: 44116K(46848K)->44116K(46848K) NonClass: 38519K(39936K)->38519K(39936K) Class: 5597K(6912K)->5597K(6912K)
[2025-03-17T15:59:20.964+0700][gc            ] GC(10) Pause Young (Normal) (G1 Evacuation Pause) 194M->147M(1024M) 5.327ms
[2025-03-17T15:59:20.964+0700][gc,cpu        ] GC(10) User=0.02s Sys=0.01s Real=0.00s
[2025-03-17T15:59:56.602+0700][gc,start      ] GC(11) Pause Young (Normal) (G1 Evacuation Pause)
[2025-03-17T15:59:56.602+0700][gc,task       ] GC(11) Using 8 workers of 8 for evacuation
[2025-03-17T15:59:56.611+0700][gc,phases     ] GC(11)   Pre Evacuate Collection Set: 0.1ms
[2025-03-17T15:59:56.611+0700][gc,phases     ] GC(11)   Evacuate Collection Set: 6.1ms
[2025-03-17T15:59:56.611+0700][gc,phases     ] GC(11)   Post Evacuate Collection Set: 2.5ms
[2025-03-17T15:59:56.611+0700][gc,phases     ] GC(11)   Other: 0.3ms
[2025-03-17T15:59:56.611+0700][gc,heap       ] GC(11) Eden regions: 56->0(115)
[2025-03-17T15:59:56.611+0700][gc,heap       ] GC(11) Survivor regions: 4->4(8)
[2025-03-17T15:59:56.611+0700][gc,heap       ] GC(11) Old regions: 17->17
[2025-03-17T15:59:56.612+0700][gc,heap       ] GC(11) Humongous regions: 129->129
[2025-03-17T15:59:56.612+0700][gc,metaspace  ] GC(11) Metaspace: 44126K(46848K)->44126K(46848K) NonClass: 38529K(39936K)->38529K(39936K) Class: 5597K(6912K)->5597K(6912K)
[2025-03-17T15:59:56.612+0700][gc            ] GC(11) Pause Young (Normal) (G1 Evacuation Pause) 203M->147M(1024M) 9.210ms
[2025-03-17T15:59:56.612+0700][gc,cpu        ] GC(11) User=0.00s Sys=0.05s Real=0.01s
[2025-03-17T16:01:07.452+0700][gc,start      ] GC(12) Pause Young (Normal) (G1 Evacuation Pause)
[2025-03-17T16:01:07.452+0700][gc,task       ] GC(12) Using 8 workers of 8 for evacuation
[2025-03-17T16:01:07.469+0700][gc,phases     ] GC(12)   Pre Evacuate Collection Set: 0.1ms
[2025-03-17T16:01:07.469+0700][gc,phases     ] GC(12)   Evacuate Collection Set: 10.0ms
[2025-03-17T16:01:07.469+0700][gc,phases     ] GC(12)   Post Evacuate Collection Set: 6.8ms
[2025-03-17T16:01:07.469+0700][gc,phases     ] GC(12)   Other: 0.3ms
[2025-03-17T16:01:07.469+0700][gc,heap       ] GC(12) Eden regions: 115->0(240)
[2025-03-17T16:01:07.469+0700][gc,heap       ] GC(12) Survivor regions: 4->4(15)
[2025-03-17T16:01:07.469+0700][gc,heap       ] GC(12) Old regions: 17->17
[2025-03-17T16:01:07.469+0700][gc,heap       ] GC(12) Humongous regions: 129->129
[2025-03-17T16:01:07.469+0700][gc,metaspace  ] GC(12) Metaspace: 44159K(46848K)->44159K(46848K) NonClass: 38562K(39936K)->38562K(39936K) Class: 5597K(6912K)->5597K(6912K)
[2025-03-17T16:01:07.469+0700][gc            ] GC(12) Pause Young (Normal) (G1 Evacuation Pause) 262M->147M(1024M) 17.263ms
[2025-03-17T16:01:07.469+0700][gc,cpu        ] GC(12) User=0.11s Sys=0.00s Real=0.02s
[2025-03-17T16:04:14.975+0700][gc,start      ] GC(13) Pause Young (Normal) (G1 Evacuation Pause)
[2025-03-17T16:04:14.975+0700][gc,task       ] GC(13) Using 8 workers of 8 for evacuation
[2025-03-17T16:04:14.985+0700][gc,phases     ] GC(13)   Pre Evacuate Collection Set: 0.5ms
[2025-03-17T16:04:14.985+0700][gc,phases     ] GC(13)   Evacuate Collection Set: 7.7ms
[2025-03-17T16:04:14.985+0700][gc,phases     ] GC(13)   Post Evacuate Collection Set: 1.5ms
[2025-03-17T16:04:14.985+0700][gc,phases     ] GC(13)   Other: 0.6ms
[2025-03-17T16:04:14.985+0700][gc,heap       ] GC(13) Eden regions: 240->0(610)
[2025-03-17T16:04:14.985+0700][gc,heap       ] GC(13) Survivor regions: 4->4(31)
[2025-03-17T16:04:14.985+0700][gc,heap       ] GC(13) Old regions: 17->17
[2025-03-17T16:04:14.985+0700][gc,heap       ] GC(13) Humongous regions: 129->129
[2025-03-17T16:04:14.985+0700][gc,metaspace  ] GC(13) Metaspace: 44206K(46848K)->44206K(46848K) NonClass: 38608K(39936K)->38608K(39936K) Class: 5597K(6912K)->5597K(6912K)
[2025-03-17T16:04:14.985+0700][gc            ] GC(13) Pause Young (Normal) (G1 Evacuation Pause) 387M->147M(1024M) 10.408ms
[2025-03-17T16:04:14.986+0700][gc,cpu        ] GC(13) User=0.03s Sys=0.03s Real=0.01s
