[2025-03-17T15:39:42.236+0700][gc,heap] Heap region size: 1M
[2025-03-17T15:39:42.241+0700][gc     ] Using G1
[2025-03-17T15:39:42.241+0700][gc,heap,coops] Heap address: 0x00000000e0000000, size: 512 MB, Compressed Oops mode: 32-bit
[2025-03-17T15:39:42.242+0700][gc,cds       ] Mark closed archive regions in map: [0x00000000fff00000, 0x00000000fff6bff8]
[2025-03-17T15:39:42.242+0700][gc,cds       ] Mark open archive regions in map: [0x00000000ffe00000, 0x00000000ffe47ff8]
[2025-03-17T15:39:42.865+0700][gc,heap,exit ] Heap
[2025-03-17T15:39:42.865+0700][gc,heap,exit ]  garbage-first heap   total 524288K, used 20176K [0x00000000e0000000, 0x0000000100000000)
[2025-03-17T15:39:42.865+0700][gc,heap,exit ]   region size 1024K, 20 young (20480K), 0 survivors (0K)
[2025-03-17T15:39:42.865+0700][gc,heap,exit ]  Metaspace       used 6347K, capacity 6649K, committed 6784K, reserved 1056768K
[2025-03-17T15:39:42.865+0700][gc,heap,exit ]   class space    used 719K, capacity 846K, committed 896K, reserved 1048576K
