[2025-03-17T15:40:35.035+0700][gc,heap] Heap region size: 1M
[2025-03-17T15:40:35.041+0700][gc     ] Using G1
[2025-03-17T15:40:35.041+0700][gc,heap,coops] Heap address: 0x00000000e0000000, size: 512 MB, Compressed Oops mode: 32-bit
[2025-03-17T15:40:35.041+0700][gc,cds       ] Mark closed archive regions in map: [0x00000000fff00000, 0x00000000fff6bff8]
[2025-03-17T15:40:35.041+0700][gc,cds       ] Mark open archive regions in map: [0x00000000ffe00000, 0x00000000ffe47ff8]
[2025-03-17T15:40:35.464+0700][gc,start     ] GC(0) Pause Young (Normal) (G1 Evacuation Pause)
[2025-03-17T15:40:35.466+0700][gc,task      ] GC(0) Using 8 workers of 8 for evacuation
[2025-03-17T15:40:35.481+0700][gc,phases    ] GC(0)   Pre Evacuate Collection Set: 0.0ms
[2025-03-17T15:40:35.481+0700][gc,phases    ] GC(0)   Evacuate Collection Set: 13.5ms
[2025-03-17T15:40:35.481+0700][gc,phases    ] GC(0)   Post Evacuate Collection Set: 1.0ms
[2025-03-17T15:40:35.481+0700][gc,phases    ] GC(0)   Other: 1.7ms
[2025-03-17T15:40:35.481+0700][gc,heap      ] GC(0) Eden regions: 25->0(21)
[2025-03-17T15:40:35.481+0700][gc,heap      ] GC(0) Survivor regions: 0->4(4)
[2025-03-17T15:40:35.481+0700][gc,heap      ] GC(0) Old regions: 2->7
[2025-03-17T15:40:35.481+0700][gc,heap      ] GC(0) Humongous regions: 0->0
[2025-03-17T15:40:35.481+0700][gc,metaspace ] GC(0) Metaspace: 6939K(7424K)->6939K(7424K) NonClass: 6159K(6400K)->6159K(6400K) Class: 780K(1024K)->780K(1024K)
[2025-03-17T15:40:35.481+0700][gc           ] GC(0) Pause Young (Normal) (G1 Evacuation Pause) 25M->8M(512M) 16.219ms
[2025-03-17T15:40:35.481+0700][gc,cpu       ] GC(0) User=0.08s Sys=0.01s Real=0.02s
